
> react-typescript-starter@0.1.0 test
> react-scripts test --coverage

Browserslist: caniuse-lite is outdated. Please run:
  npx browserslist@latest --update-db
  Why you should do it regularly: https://github.com/browserslist/browserslist#browsers-data-updating
FAIL src/App.test.tsx
  ✕ renders the course name somewhere (47 ms)

  ● renders the course name somewhere

    TestingLibraryElementError: Unable to find an element with the text: /CISC275/i. This could be because the text is broken up by multiple elements. In this case, you can provide a function for your text matcher to make your matcher more flexible.

    Ignored nodes: comments, <script />, <style />
    [36m<body>[39m
      [36m<div>[39m
        [36m<div[39m
          [33mclass[39m=[32m"App"[39m
        [36m>[39m
          [36m<header[39m
            [33mclass[39m=[32m"App-header"[39m
          [36m>[39m
            [36m<img[39m
              [33malt[39m=[32m"SoleMate Main Logo"[39m
              [33msrc[39m=[32m"/images/solematelogo.jpg"[39m
            [36m/>[39m
            [0mTeam 7 Final Project --- SoleMate[0m
          [36m</header>[39m
          [36m<p>[39m
            [0mwe ball[0m
          [36m</p>[39m
          [36m<ul>[39m
            [36m<li>[39m
              [0mAnthony Andujar[0m
            [36m</li>[39m
            [36m<li>[39m
              [0mTommy Haskell[0m
            [36m</li>[39m
            [36m<li>[39m
              [0mJadyn Worthington[0m
            [36m</li>[39m
            [36m<li>[39m
              [0mTabetha Chubb[0m
            [36m</li>[39m
            [36m<li>[39m
              [0mGreg Mensah[0m
            [36m</li>[39m
            [36m<li>[39m
              [0mJoey Blair[0m
            [36m</li>[39m
          [36m</ul>[39m
          [36m<hr />[39m
          [0mChoose your User level.[0m
          [36m<hr />[39m
          [36m<button[39m
            [33mclass[39m=[32m"btn btn-primary"[39m
            [33mtype[39m=[32m"button"[39m
          [36m>[39m
            [0mUser[0m
          [36m</button>[39m
          [0mADD ON CLICK - MAIN PAGE[0m
          [36m<p />[39m
          [36m<button[39m
            [33mclass[39m=[32m"btn btn-primary"[39m
            [33mtype[39m=[32m"button"[39m
          [36m>[39m
            [0mAdmin[0m
          [36m</button>[39m
          [0mADD ON CLICK - PASSWORD PAGE[0m
          [36m<p />[39m
          [36m<button[39m
            [33mclass[39m=[32m"btn btn-primary"[39m
            [33mtype[39m=[32m"button"[39m
          [36m>[39m
            [0mSuper[0m
          [36m</button>[39m
          [0mADD ON CLICK - PASSWORD PAGE[0m
        [36m</div>[39m
      [36m</div>[39m
    [36m</body>[39m

       5 | test("renders the course name somewhere", () => {
       6 |     render(<App />);
    >  7 |     const linkElement = screen.getByText(/CISC275/i);
         |                                ^
       8 |     expect(linkElement).toBeInTheDocument();
       9 | });
      10 |

      at Object.getElementError (node_modules/@testing-library/dom/dist/config.js:38:19)
      at node_modules/@testing-library/dom/dist/query-helpers.js:90:38
      at node_modules/@testing-library/dom/dist/query-helpers.js:62:17
      at getByText (node_modules/@testing-library/dom/dist/query-helpers.js:111:19)
      at Object.<anonymous> (src/App.test.tsx:7:32)
      at TestScheduler.scheduleTests (node_modules/@jest/core/build/TestScheduler.js:333:13)
      at runJest (node_modules/@jest/core/build/runJest.js:404:19)
      at _run10000 (node_modules/@jest/core/build/cli/index.js:320:7)
      at runCLI (node_modules/@jest/core/build/cli/index.js:173:3)

---------------------|---------|----------|---------|---------|-------------------
File                 | % Stmts | % Branch | % Funcs | % Lines | Uncovered Line #s 
---------------------|---------|----------|---------|---------|-------------------
All files            |   11.11 |      100 |      20 |   11.11 |                   
 App.tsx             |     100 |      100 |     100 |     100 |                   
 userdeclaration.tsx |       0 |      100 |       0 |       0 | 5-22              
---------------------|---------|----------|---------|---------|-------------------
Test Suites: 1 failed, 1 total
Tests:       1 failed, 1 total
Snapshots:   0 total
Time:        1.781 s
Ran all test suites.
